model=densenet121 device=cuda amp=True out=/content/work/main/densenet121/seed42
train=4494 (normal 1151 / pneumonia 3343)  val=722  test=624
Downloading: "https://download.pytorch.org/models/densenet121-a639ec97.pth" to /root/.cache/torch/hub/checkpoints/densenet121-a639ec97.pth

  0%|          | 0.00/30.8M [00:00<?, ?B/s]
 30%|███       | 9.38M/30.8M [00:00<00:00, 98.1MB/s]
100%|█████████▉| 30.8M/30.8M [00:00<00:00, 172MB/s] 
100%|██████████| 30.8M/30.8M [00:00<00:00, 161MB/s]
epoch  1/12 [head] train_loss=0.1950 val_loss=0.1179 val_auc=0.9783 val_sens=0.883 val_spec=0.963 (7s)
epoch  2/12 [head] train_loss=0.1147 val_loss=0.0993 val_auc=0.9818 val_sens=0.883 val_spec=0.974 (5s)
epoch  3/12 [finetune] train_loss=0.1642 val_loss=0.0444 val_auc=0.9953 val_sens=0.961 val_spec=0.979 (13s)
epoch  4/12 [finetune] train_loss=0.0609 val_loss=0.0339 val_auc=0.9975 val_sens=0.970 val_spec=0.989 (13s)
epoch  5/12 [finetune] train_loss=0.0511 val_loss=0.0239 val_auc=0.9974 val_sens=0.981 val_spec=0.995 (13s)
epoch  6/12 [finetune] train_loss=0.0346 val_loss=0.0327 val_auc=0.9978 val_sens=0.977 val_spec=0.995 (13s)
epoch  7/12 [finetune] train_loss=0.0247 val_loss=0.0175 val_auc=0.9985 val_sens=0.992 val_spec=0.995 (13s)
epoch  8/12 [finetune] train_loss=0.0175 val_loss=0.0174 val_auc=0.9990 val_sens=0.992 val_spec=0.984 (13s)
epoch  9/12 [finetune] train_loss=0.0111 val_loss=0.0167 val_auc=0.9986 val_sens=0.989 val_spec=0.989 (12s)
epoch 10/12 [finetune] train_loss=0.0127 val_loss=0.0230 val_auc=0.9984 val_sens=0.987 val_spec=0.984 (12s)
epoch 11/12 [finetune] train_loss=0.0077 val_loss=0.0184 val_auc=0.9987 val_sens=0.987 val_spec=0.989 (13s)
epoch 12/12 [finetune] train_loss=0.0097 val_loss=0.0204 val_auc=0.9987 val_sens=0.985 val_spec=1.000 (12s)
TEST (threshold 0.591 from val): acc=0.8958 auc=0.9841 sens=1.0000 spec=0.7222 f1=0.9231
