model=simple_cnn device=cuda amp=True out=/content/work/main/simple_cnn/seed44
train=4437 (normal 1148 / pneumonia 3289)  val=779  test=624
epoch  1/30 [finetune] train_loss=0.2129 val_loss=0.1541 val_auc=0.9632 val_sens=0.823 val_spec=0.953 (6s)
epoch  2/30 [finetune] train_loss=0.1623 val_loss=0.1000 val_auc=0.9795 val_sens=0.892 val_spec=0.953 (4s)
epoch  3/30 [finetune] train_loss=0.1364 val_loss=0.1800 val_auc=0.9799 val_sens=0.749 val_spec=0.979 (4s)
epoch  4/30 [finetune] train_loss=0.1276 val_loss=0.1128 val_auc=0.9873 val_sens=0.850 val_spec=0.979 (4s)
epoch  5/30 [finetune] train_loss=0.1007 val_loss=0.0779 val_auc=0.9908 val_sens=0.901 val_spec=0.969 (4s)
epoch  6/30 [finetune] train_loss=0.0919 val_loss=0.1737 val_auc=0.9901 val_sens=0.783 val_spec=0.995 (4s)
epoch  7/30 [finetune] train_loss=0.0909 val_loss=0.1992 val_auc=0.9849 val_sens=0.788 val_spec=0.974 (4s)
epoch  8/30 [finetune] train_loss=0.0853 val_loss=0.0704 val_auc=0.9936 val_sens=0.990 val_spec=0.933 (4s)
epoch  9/30 [finetune] train_loss=0.0713 val_loss=0.0845 val_auc=0.9935 val_sens=0.991 val_spec=0.912 (4s)
epoch 10/30 [finetune] train_loss=0.0731 val_loss=0.0867 val_auc=0.9929 val_sens=0.991 val_spec=0.896 (5s)
epoch 11/30 [finetune] train_loss=0.0685 val_loss=0.0614 val_auc=0.9947 val_sens=0.935 val_spec=0.979 (4s)
epoch 12/30 [finetune] train_loss=0.0726 val_loss=0.1087 val_auc=0.9928 val_sens=0.858 val_spec=0.979 (4s)
epoch 13/30 [finetune] train_loss=0.0609 val_loss=0.0490 val_auc=0.9942 val_sens=0.959 val_spec=0.959 (4s)
epoch 14/30 [finetune] train_loss=0.0585 val_loss=0.0734 val_auc=0.9938 val_sens=0.903 val_spec=0.979 (4s)
epoch 15/30 [finetune] train_loss=0.0562 val_loss=0.0920 val_auc=0.9948 val_sens=0.884 val_spec=0.984 (4s)
epoch 16/30 [finetune] train_loss=0.0550 val_loss=0.0519 val_auc=0.9968 val_sens=0.991 val_spec=0.953 (4s)
epoch 17/30 [finetune] train_loss=0.0585 val_loss=0.0568 val_auc=0.9953 val_sens=0.990 val_spec=0.943 (4s)
epoch 18/30 [finetune] train_loss=0.0484 val_loss=0.0638 val_auc=0.9935 val_sens=0.988 val_spec=0.948 (4s)
epoch 19/30 [finetune] train_loss=0.0501 val_loss=0.0408 val_auc=0.9966 val_sens=0.973 val_spec=0.974 (5s)
epoch 20/30 [finetune] train_loss=0.0417 val_loss=0.0386 val_auc=0.9964 val_sens=0.981 val_spec=0.969 (4s)
epoch 21/30 [finetune] train_loss=0.0462 val_loss=0.0446 val_auc=0.9961 val_sens=0.988 val_spec=0.959 (4s)
epoch 22/30 [finetune] train_loss=0.0454 val_loss=0.0406 val_auc=0.9964 val_sens=0.983 val_spec=0.969 (4s)
epoch 23/30 [finetune] train_loss=0.0387 val_loss=0.0405 val_auc=0.9967 val_sens=0.976 val_spec=0.969 (4s)
epoch 24/30 [finetune] train_loss=0.0370 val_loss=0.0428 val_auc=0.9971 val_sens=0.988 val_spec=0.959 (4s)
epoch 25/30 [finetune] train_loss=0.0397 val_loss=0.0379 val_auc=0.9969 val_sens=0.988 val_spec=0.959 (5s)
epoch 26/30 [finetune] train_loss=0.0345 val_loss=0.0400 val_auc=0.9969 val_sens=0.985 val_spec=0.964 (4s)
epoch 27/30 [finetune] train_loss=0.0321 val_loss=0.0379 val_auc=0.9970 val_sens=0.981 val_spec=0.969 (4s)
epoch 28/30 [finetune] train_loss=0.0321 val_loss=0.0371 val_auc=0.9970 val_sens=0.980 val_spec=0.969 (4s)
epoch 29/30 [finetune] train_loss=0.0304 val_loss=0.0367 val_auc=0.9970 val_sens=0.981 val_spec=0.969 (4s)
epoch 30/30 [finetune] train_loss=0.0290 val_loss=0.0392 val_auc=0.9970 val_sens=0.983 val_spec=0.964 (4s)
TEST (threshold 0.273 from val): acc=0.8862 auc=0.9811 sens=0.9949 spec=0.7051 f1=0.9162
