model=simple_cnn device=cuda amp=True out=/content/work/main/simple_cnn/seed42
train=4494 (normal 1151 / pneumonia 3343)  val=722  test=624
epoch  1/30 [finetune] train_loss=0.2088 val_loss=0.4891 val_auc=0.9710 val_sens=0.340 val_spec=1.000 (8s)
epoch  2/30 [finetune] train_loss=0.1495 val_loss=1.1145 val_auc=0.9759 val_sens=0.098 val_spec=1.000 (4s)
epoch  3/30 [finetune] train_loss=0.1233 val_loss=0.1250 val_auc=0.9691 val_sens=0.863 val_spec=0.921 (4s)
epoch  4/30 [finetune] train_loss=0.1166 val_loss=0.0750 val_auc=0.9892 val_sens=0.945 val_spec=0.942 (4s)
epoch  5/30 [finetune] train_loss=0.1026 val_loss=0.1182 val_auc=0.9853 val_sens=0.977 val_spec=0.853 (4s)
epoch  6/30 [finetune] train_loss=0.0891 val_loss=0.0792 val_auc=0.9909 val_sens=0.897 val_spec=0.984 (4s)
epoch  7/30 [finetune] train_loss=0.0852 val_loss=0.0865 val_auc=0.9894 val_sens=0.883 val_spec=0.989 (4s)
epoch  8/30 [finetune] train_loss=0.0849 val_loss=0.0793 val_auc=0.9881 val_sens=0.908 val_spec=0.974 (4s)
epoch  9/30 [finetune] train_loss=0.0800 val_loss=0.1168 val_auc=0.9929 val_sens=0.816 val_spec=1.000 (4s)
epoch 10/30 [finetune] train_loss=0.0744 val_loss=0.2059 val_auc=0.9951 val_sens=0.737 val_spec=1.000 (4s)
epoch 11/30 [finetune] train_loss=0.0688 val_loss=0.0528 val_auc=0.9948 val_sens=0.938 val_spec=0.979 (4s)
epoch 12/30 [finetune] train_loss=0.0633 val_loss=0.1183 val_auc=0.9949 val_sens=0.842 val_spec=0.995 (4s)
epoch 13/30 [finetune] train_loss=0.0645 val_loss=0.1296 val_auc=0.9921 val_sens=0.836 val_spec=1.000 (4s)
epoch 14/30 [finetune] train_loss=0.0571 val_loss=0.0448 val_auc=0.9971 val_sens=0.940 val_spec=0.989 (4s)
epoch 15/30 [finetune] train_loss=0.0583 val_loss=0.0474 val_auc=0.9969 val_sens=0.940 val_spec=0.989 (4s)
epoch 16/30 [finetune] train_loss=0.0548 val_loss=0.0529 val_auc=0.9958 val_sens=0.942 val_spec=0.984 (4s)
epoch 17/30 [finetune] train_loss=0.0502 val_loss=0.0471 val_auc=0.9973 val_sens=0.938 val_spec=0.995 (4s)
epoch 18/30 [finetune] train_loss=0.0502 val_loss=0.0451 val_auc=0.9959 val_sens=0.976 val_spec=0.968 (4s)
epoch 19/30 [finetune] train_loss=0.0467 val_loss=0.0347 val_auc=0.9975 val_sens=0.961 val_spec=0.979 (4s)
epoch 20/30 [finetune] train_loss=0.0431 val_loss=0.0377 val_auc=0.9984 val_sens=0.989 val_spec=0.958 (4s)
epoch 21/30 [finetune] train_loss=0.0432 val_loss=0.0263 val_auc=0.9985 val_sens=0.987 val_spec=0.968 (4s)
epoch 22/30 [finetune] train_loss=0.0417 val_loss=0.0338 val_auc=0.9977 val_sens=0.987 val_spec=0.963 (4s)
epoch 23/30 [finetune] train_loss=0.0395 val_loss=0.0297 val_auc=0.9979 val_sens=0.976 val_spec=0.974 (4s)
epoch 24/30 [finetune] train_loss=0.0378 val_loss=0.0322 val_auc=0.9981 val_sens=0.989 val_spec=0.963 (4s)
epoch 25/30 [finetune] train_loss=0.0347 val_loss=0.0273 val_auc=0.9983 val_sens=0.970 val_spec=0.984 (4s)
epoch 26/30 [finetune] train_loss=0.0359 val_loss=0.0273 val_auc=0.9981 val_sens=0.972 val_spec=0.979 (4s)
epoch 27/30 [finetune] train_loss=0.0372 val_loss=0.0259 val_auc=0.9982 val_sens=0.974 val_spec=0.984 (4s)
epoch 28/30 [finetune] train_loss=0.0295 val_loss=0.0263 val_auc=0.9981 val_sens=0.976 val_spec=0.979 (4s)
epoch 29/30 [finetune] train_loss=0.0316 val_loss=0.0280 val_auc=0.9982 val_sens=0.968 val_spec=0.995 (4s)
epoch 30/30 [finetune] train_loss=0.0287 val_loss=0.0256 val_auc=0.9983 val_sens=0.972 val_spec=0.989 (4s)
TEST (threshold 0.469 from val): acc=0.9119 auc=0.9804 sens=0.9949 spec=0.7735 f1=0.9338
