model=simple_cnn_nobn device=cuda amp=True out=/content/work/ablation/no_batchnorm
train=4494 (normal 1151 / pneumonia 3343)  val=722  test=624
epoch  1/30 [finetune] train_loss=0.3553 val_loss=0.3575 val_auc=0.8240 val_sens=1.000 val_spec=0.000 (6s)
epoch  2/30 [finetune] train_loss=0.3566 val_loss=0.2832 val_auc=0.9352 val_sens=0.959 val_spec=0.463 (4s)
epoch  3/30 [finetune] train_loss=0.2726 val_loss=0.2878 val_auc=0.9438 val_sens=0.492 val_spec=1.000 (4s)
epoch  4/30 [finetune] train_loss=0.2009 val_loss=0.1511 val_auc=0.9526 val_sens=0.791 val_spec=0.958 (4s)
epoch  5/30 [finetune] train_loss=0.1872 val_loss=0.1380 val_auc=0.9562 val_sens=0.853 val_spec=0.916 (4s)
epoch  6/30 [finetune] train_loss=0.1711 val_loss=0.1178 val_auc=0.9662 val_sens=0.868 val_spec=0.926 (4s)
epoch  7/30 [finetune] train_loss=0.1654 val_loss=0.1127 val_auc=0.9758 val_sens=0.885 val_spec=0.942 (4s)
epoch  8/30 [finetune] train_loss=0.1515 val_loss=0.2057 val_auc=0.9603 val_sens=0.962 val_spec=0.653 (4s)
epoch  9/30 [finetune] train_loss=0.1424 val_loss=0.1117 val_auc=0.9765 val_sens=0.852 val_spec=0.968 (4s)
epoch 10/30 [finetune] train_loss=0.1373 val_loss=0.1464 val_auc=0.9728 val_sens=0.970 val_spec=0.789 (4s)
epoch 11/30 [finetune] train_loss=0.1301 val_loss=0.1051 val_auc=0.9755 val_sens=0.927 val_spec=0.911 (4s)
epoch 12/30 [finetune] train_loss=0.1236 val_loss=0.1245 val_auc=0.9844 val_sens=0.788 val_spec=0.995 (4s)
epoch 13/30 [finetune] train_loss=0.1243 val_loss=0.0752 val_auc=0.9876 val_sens=0.932 val_spec=0.963 (4s)
epoch 14/30 [finetune] train_loss=0.1160 val_loss=0.1070 val_auc=0.9879 val_sens=0.846 val_spec=0.989 (4s)
epoch 15/30 [finetune] train_loss=0.1111 val_loss=0.1106 val_auc=0.9791 val_sens=0.951 val_spec=0.900 (4s)
epoch 16/30 [finetune] train_loss=0.1081 val_loss=0.0766 val_auc=0.9885 val_sens=0.959 val_spec=0.926 (4s)
epoch 17/30 [finetune] train_loss=0.1085 val_loss=0.0754 val_auc=0.9875 val_sens=0.930 val_spec=0.947 (4s)
epoch 18/30 [finetune] train_loss=0.0985 val_loss=0.0738 val_auc=0.9891 val_sens=0.915 val_spec=0.968 (4s)
epoch 19/30 [finetune] train_loss=0.0984 val_loss=0.0679 val_auc=0.9903 val_sens=0.923 val_spec=0.963 (4s)
epoch 20/30 [finetune] train_loss=0.0983 val_loss=0.0587 val_auc=0.9925 val_sens=0.955 val_spec=0.947 (4s)
epoch 21/30 [finetune] train_loss=0.0896 val_loss=0.0593 val_auc=0.9925 val_sens=0.945 val_spec=0.953 (4s)
epoch 22/30 [finetune] train_loss=0.0843 val_loss=0.0650 val_auc=0.9932 val_sens=0.976 val_spec=0.932 (4s)
epoch 23/30 [finetune] train_loss=0.0846 val_loss=0.0663 val_auc=0.9915 val_sens=0.968 val_spec=0.932 (4s)
epoch 24/30 [finetune] train_loss=0.0829 val_loss=0.0562 val_auc=0.9939 val_sens=0.932 val_spec=0.968 (4s)
epoch 25/30 [finetune] train_loss=0.0793 val_loss=0.0557 val_auc=0.9939 val_sens=0.968 val_spec=0.947 (4s)
epoch 26/30 [finetune] train_loss=0.0771 val_loss=0.0547 val_auc=0.9935 val_sens=0.953 val_spec=0.953 (4s)
epoch 27/30 [finetune] train_loss=0.0736 val_loss=0.0519 val_auc=0.9941 val_sens=0.951 val_spec=0.963 (4s)
epoch 28/30 [finetune] train_loss=0.0772 val_loss=0.0527 val_auc=0.9939 val_sens=0.953 val_spec=0.963 (4s)
epoch 29/30 [finetune] train_loss=0.0721 val_loss=0.0522 val_auc=0.9939 val_sens=0.953 val_spec=0.963 (4s)
epoch 30/30 [finetune] train_loss=0.0734 val_loss=0.0522 val_auc=0.9940 val_sens=0.951 val_spec=0.963 (4s)
TEST (threshold 0.308 from val): acc=0.8013 auc=0.9296 sens=0.9897 spec=0.4872 f1=0.8616
