model=simple_cnn device=cuda amp=True out=/content/work/ablation/no_class_weight
train=4494 (normal 1151 / pneumonia 3343)  val=722  test=624
epoch  1/30 [finetune] train_loss=0.3748 val_loss=0.6090 val_auc=0.9694 val_sens=0.694 val_spec=1.000 (6s)
epoch  2/30 [finetune] train_loss=0.2555 val_loss=0.4095 val_auc=0.9792 val_sens=0.814 val_spec=0.989 (5s)
epoch  3/30 [finetune] train_loss=0.2079 val_loss=0.3831 val_auc=0.9591 val_sens=0.996 val_spec=0.495 (4s)
epoch  4/30 [finetune] train_loss=0.1831 val_loss=0.1119 val_auc=0.9923 val_sens=0.951 val_spec=0.932 (4s)
epoch  5/30 [finetune] train_loss=0.1705 val_loss=0.3500 val_auc=0.9734 val_sens=0.996 val_spec=0.595 (4s)
epoch  6/30 [finetune] train_loss=0.1491 val_loss=0.0833 val_auc=0.9950 val_sens=0.985 val_spec=0.932 (4s)
epoch  7/30 [finetune] train_loss=0.1410 val_loss=0.1073 val_auc=0.9917 val_sens=0.977 val_spec=0.900 (4s)
epoch  8/30 [finetune] train_loss=0.1342 val_loss=0.1096 val_auc=0.9906 val_sens=0.974 val_spec=0.916 (4s)
epoch  9/30 [finetune] train_loss=0.1254 val_loss=0.1813 val_auc=0.9928 val_sens=0.912 val_spec=0.984 (4s)
epoch 10/30 [finetune] train_loss=0.1164 val_loss=0.2317 val_auc=0.9962 val_sens=0.898 val_spec=1.000 (5s)
epoch 11/30 [finetune] train_loss=0.1105 val_loss=0.0660 val_auc=0.9971 val_sens=0.987 val_spec=0.921 (4s)
epoch 12/30 [finetune] train_loss=0.1044 val_loss=0.0892 val_auc=0.9959 val_sens=0.991 val_spec=0.905 (4s)
epoch 13/30 [finetune] train_loss=0.1031 val_loss=0.0699 val_auc=0.9967 val_sens=0.976 val_spec=0.974 (4s)
epoch 14/30 [finetune] train_loss=0.0909 val_loss=0.0701 val_auc=0.9976 val_sens=0.987 val_spec=0.921 (4s)
epoch 15/30 [finetune] train_loss=0.0929 val_loss=0.1698 val_auc=0.9959 val_sens=0.998 val_spec=0.768 (4s)
epoch 16/30 [finetune] train_loss=0.0933 val_loss=0.1268 val_auc=0.9955 val_sens=0.940 val_spec=0.984 (4s)
epoch 17/30 [finetune] train_loss=0.0815 val_loss=0.0602 val_auc=0.9978 val_sens=0.977 val_spec=0.968 (5s)
epoch 18/30 [finetune] train_loss=0.0795 val_loss=0.1371 val_auc=0.9943 val_sens=0.998 val_spec=0.832 (4s)
epoch 19/30 [finetune] train_loss=0.0725 val_loss=0.0526 val_auc=0.9980 val_sens=0.987 val_spec=0.947 (4s)
epoch 20/30 [finetune] train_loss=0.0661 val_loss=0.0525 val_auc=0.9985 val_sens=0.992 val_spec=0.953 (4s)
epoch 21/30 [finetune] train_loss=0.0667 val_loss=0.0484 val_auc=0.9983 val_sens=0.992 val_spec=0.947 (4s)
epoch 22/30 [finetune] train_loss=0.0650 val_loss=0.0556 val_auc=0.9977 val_sens=0.994 val_spec=0.958 (4s)
epoch 23/30 [finetune] train_loss=0.0565 val_loss=0.0447 val_auc=0.9984 val_sens=0.992 val_spec=0.953 (4s)
epoch 24/30 [finetune] train_loss=0.0577 val_loss=0.0490 val_auc=0.9979 val_sens=0.992 val_spec=0.958 (4s)
epoch 25/30 [finetune] train_loss=0.0529 val_loss=0.0568 val_auc=0.9976 val_sens=0.979 val_spec=0.974 (4s)
epoch 26/30 [finetune] train_loss=0.0517 val_loss=0.0520 val_auc=0.9977 val_sens=0.985 val_spec=0.963 (4s)
epoch 27/30 [finetune] train_loss=0.0542 val_loss=0.0495 val_auc=0.9980 val_sens=0.987 val_spec=0.963 (4s)
epoch 28/30 [finetune] train_loss=0.0468 val_loss=0.0504 val_auc=0.9977 val_sens=0.987 val_spec=0.963 (5s)
epoch 29/30 [finetune] train_loss=0.0479 val_loss=0.0519 val_auc=0.9978 val_sens=0.983 val_spec=0.968 (4s)
epoch 30/30 [finetune] train_loss=0.0431 val_loss=0.0492 val_auc=0.9978 val_sens=0.987 val_spec=0.963 (4s)
TEST (threshold 0.913 from val): acc=0.9135 auc=0.9757 sens=0.9974 spec=0.7735 f1=0.9351
