model=simple_cnn device=cuda amp=True out=/content/work/ablation/low_res_112
train=4494 (normal 1151 / pneumonia 3343)  val=722  test=624
epoch  1/30 [finetune] train_loss=0.1901 val_loss=0.1529 val_auc=0.9796 val_sens=0.788 val_spec=1.000 (3s)
epoch  2/30 [finetune] train_loss=0.1256 val_loss=1.0212 val_auc=0.9901 val_sens=0.162 val_spec=1.000 (2s)
epoch  3/30 [finetune] train_loss=0.1114 val_loss=0.1842 val_auc=0.9875 val_sens=0.992 val_spec=0.784 (2s)
epoch  4/30 [finetune] train_loss=0.0916 val_loss=0.0690 val_auc=0.9902 val_sens=0.934 val_spec=0.958 (2s)
epoch  5/30 [finetune] train_loss=0.0828 val_loss=0.1246 val_auc=0.9927 val_sens=0.996 val_spec=0.832 (2s)
epoch  6/30 [finetune] train_loss=0.0778 val_loss=0.0733 val_auc=0.9945 val_sens=0.895 val_spec=0.995 (2s)
epoch  7/30 [finetune] train_loss=0.0744 val_loss=0.0857 val_auc=0.9875 val_sens=0.957 val_spec=0.921 (3s)
epoch  8/30 [finetune] train_loss=0.0661 val_loss=0.0645 val_auc=0.9930 val_sens=0.927 val_spec=0.979 (2s)
epoch  9/30 [finetune] train_loss=0.0628 val_loss=0.0429 val_auc=0.9966 val_sens=0.945 val_spec=0.995 (2s)
epoch 10/30 [finetune] train_loss=0.0593 val_loss=0.0453 val_auc=0.9968 val_sens=0.949 val_spec=0.984 (2s)
epoch 11/30 [finetune] train_loss=0.0555 val_loss=0.0324 val_auc=0.9981 val_sens=0.985 val_spec=0.974 (2s)
epoch 12/30 [finetune] train_loss=0.0522 val_loss=0.0398 val_auc=0.9963 val_sens=0.966 val_spec=0.979 (2s)
epoch 13/30 [finetune] train_loss=0.0519 val_loss=0.0462 val_auc=0.9942 val_sens=0.949 val_spec=0.989 (2s)
epoch 14/30 [finetune] train_loss=0.0502 val_loss=0.0444 val_auc=0.9974 val_sens=0.947 val_spec=0.995 (2s)
epoch 15/30 [finetune] train_loss=0.0490 val_loss=0.0422 val_auc=0.9975 val_sens=0.987 val_spec=0.953 (2s)
epoch 16/30 [finetune] train_loss=0.0427 val_loss=0.0281 val_auc=0.9980 val_sens=0.977 val_spec=0.979 (2s)
epoch 17/30 [finetune] train_loss=0.0407 val_loss=0.0306 val_auc=0.9981 val_sens=0.962 val_spec=0.984 (2s)
epoch 18/30 [finetune] train_loss=0.0398 val_loss=0.0604 val_auc=0.9967 val_sens=0.996 val_spec=0.947 (2s)
epoch 19/30 [finetune] train_loss=0.0368 val_loss=0.0378 val_auc=0.9987 val_sens=0.992 val_spec=0.937 (2s)
epoch 20/30 [finetune] train_loss=0.0320 val_loss=0.0448 val_auc=0.9984 val_sens=0.996 val_spec=0.953 (2s)
epoch 21/30 [finetune] train_loss=0.0305 val_loss=0.0319 val_auc=0.9984 val_sens=0.987 val_spec=0.963 (2s)
epoch 22/30 [finetune] train_loss=0.0320 val_loss=0.0309 val_auc=0.9982 val_sens=0.985 val_spec=0.968 (2s)
epoch 23/30 [finetune] train_loss=0.0284 val_loss=0.0248 val_auc=0.9987 val_sens=0.985 val_spec=0.974 (2s)
epoch 24/30 [finetune] train_loss=0.0288 val_loss=0.0240 val_auc=0.9984 val_sens=0.985 val_spec=0.974 (2s)
epoch 25/30 [finetune] train_loss=0.0246 val_loss=0.0237 val_auc=0.9984 val_sens=0.977 val_spec=0.995 (2s)
epoch 26/30 [finetune] train_loss=0.0234 val_loss=0.0268 val_auc=0.9983 val_sens=0.985 val_spec=0.963 (2s)
epoch 27/30 [finetune] train_loss=0.0242 val_loss=0.0217 val_auc=0.9985 val_sens=0.985 val_spec=0.984 (2s)
epoch 28/30 [finetune] train_loss=0.0213 val_loss=0.0212 val_auc=0.9985 val_sens=0.979 val_spec=0.989 (2s)
epoch 29/30 [finetune] train_loss=0.0229 val_loss=0.0215 val_auc=0.9985 val_sens=0.979 val_spec=0.995 (2s)
epoch 30/30 [finetune] train_loss=0.0199 val_loss=0.0209 val_auc=0.9985 val_sens=0.981 val_spec=0.989 (2s)
TEST (threshold 0.598 from val): acc=0.9103 auc=0.9840 sens=0.9923 spec=0.7735 f1=0.9325
