model=simple_cnn device=cuda amp=True out=/content/work/main/simple_cnn/seed43
train=4502 (normal 1147 / pneumonia 3355)  val=714  test=624
epoch  1/30 [finetune] train_loss=0.2119 val_loss=0.1444 val_auc=0.9716 val_sens=0.806 val_spec=0.974 (6s)
epoch  2/30 [finetune] train_loss=0.1525 val_loss=0.1028 val_auc=0.9808 val_sens=0.892 val_spec=0.974 (4s)
epoch  3/30 [finetune] train_loss=0.1335 val_loss=0.1431 val_auc=0.9627 val_sens=0.923 val_spec=0.861 (4s)
epoch  4/30 [finetune] train_loss=0.1120 val_loss=0.1495 val_auc=0.9876 val_sens=0.994 val_spec=0.809 (4s)
epoch  5/30 [finetune] train_loss=0.0957 val_loss=0.1390 val_auc=0.9892 val_sens=0.815 val_spec=0.985 (4s)
epoch  6/30 [finetune] train_loss=0.0938 val_loss=0.0673 val_auc=0.9908 val_sens=0.935 val_spec=0.959 (4s)
epoch  7/30 [finetune] train_loss=0.0875 val_loss=0.0656 val_auc=0.9919 val_sens=0.931 val_spec=0.969 (4s)
epoch  8/30 [finetune] train_loss=0.0751 val_loss=0.0562 val_auc=0.9945 val_sens=0.977 val_spec=0.948 (4s)
epoch  9/30 [finetune] train_loss=0.0738 val_loss=0.0895 val_auc=0.9905 val_sens=0.867 val_spec=0.979 (4s)
epoch 10/30 [finetune] train_loss=0.0750 val_loss=0.0526 val_auc=0.9950 val_sens=0.977 val_spec=0.948 (4s)
epoch 11/30 [finetune] train_loss=0.0654 val_loss=0.1040 val_auc=0.9926 val_sens=0.988 val_spec=0.851 (4s)
epoch 12/30 [finetune] train_loss=0.0704 val_loss=0.0534 val_auc=0.9938 val_sens=0.946 val_spec=0.974 (4s)
epoch 13/30 [finetune] train_loss=0.0645 val_loss=0.0464 val_auc=0.9954 val_sens=0.963 val_spec=0.974 (4s)
epoch 14/30 [finetune] train_loss=0.0625 val_loss=0.0953 val_auc=0.9964 val_sens=0.996 val_spec=0.871 (4s)
epoch 15/30 [finetune] train_loss=0.0545 val_loss=0.0566 val_auc=0.9938 val_sens=0.971 val_spec=0.943 (4s)
epoch 16/30 [finetune] train_loss=0.0606 val_loss=0.0663 val_auc=0.9955 val_sens=0.987 val_spec=0.938 (4s)
epoch 17/30 [finetune] train_loss=0.0519 val_loss=0.0528 val_auc=0.9961 val_sens=0.988 val_spec=0.933 (4s)
epoch 18/30 [finetune] train_loss=0.0506 val_loss=0.0410 val_auc=0.9964 val_sens=0.977 val_spec=0.969 (4s)
epoch 19/30 [finetune] train_loss=0.0441 val_loss=0.0499 val_auc=0.9966 val_sens=0.938 val_spec=0.979 (4s)
epoch 20/30 [finetune] train_loss=0.0469 val_loss=0.0509 val_auc=0.9963 val_sens=0.935 val_spec=0.990 (4s)
epoch 21/30 [finetune] train_loss=0.0389 val_loss=0.0563 val_auc=0.9962 val_sens=0.987 val_spec=0.938 (4s)
epoch 22/30 [finetune] train_loss=0.0414 val_loss=0.0384 val_auc=0.9970 val_sens=0.967 val_spec=0.979 (4s)
epoch 23/30 [finetune] train_loss=0.0379 val_loss=0.0362 val_auc=0.9969 val_sens=0.975 val_spec=0.974 (4s)
epoch 24/30 [finetune] train_loss=0.0356 val_loss=0.0350 val_auc=0.9971 val_sens=0.971 val_spec=0.979 (4s)
epoch 25/30 [finetune] train_loss=0.0359 val_loss=0.0382 val_auc=0.9970 val_sens=0.967 val_spec=0.979 (4s)
epoch 26/30 [finetune] train_loss=0.0302 val_loss=0.0365 val_auc=0.9969 val_sens=0.975 val_spec=0.979 (4s)
epoch 27/30 [finetune] train_loss=0.0301 val_loss=0.0374 val_auc=0.9970 val_sens=0.973 val_spec=0.979 (4s)
epoch 28/30 [finetune] train_loss=0.0287 val_loss=0.0363 val_auc=0.9970 val_sens=0.975 val_spec=0.979 (4s)
epoch 29/30 [finetune] train_loss=0.0278 val_loss=0.0361 val_auc=0.9970 val_sens=0.983 val_spec=0.979 (4s)
epoch 30/30 [finetune] train_loss=0.0260 val_loss=0.0363 val_auc=0.9970 val_sens=0.983 val_spec=0.979 (4s)
TEST (threshold 0.190 from val): acc=0.8478 auc=0.9746 sens=0.9974 spec=0.5983 f1=0.8912
