model=simple_cnn device=cuda amp=True out=/content/work/ablation/no_augment
train=4494 (normal 1151 / pneumonia 3343)  val=722  test=624
epoch  1/30 [finetune] train_loss=0.1569 val_loss=0.4298 val_auc=0.9769 val_sens=0.541 val_spec=1.000 (5s)
epoch  2/30 [finetune] train_loss=0.1096 val_loss=0.3355 val_auc=0.9770 val_sens=0.547 val_spec=1.000 (4s)
epoch  3/30 [finetune] train_loss=0.0954 val_loss=0.2203 val_auc=0.9838 val_sens=0.712 val_spec=1.000 (4s)
epoch  4/30 [finetune] train_loss=0.0775 val_loss=0.0703 val_auc=0.9952 val_sens=0.987 val_spec=0.895 (4s)
epoch  5/30 [finetune] train_loss=0.0645 val_loss=0.0850 val_auc=0.9952 val_sens=0.887 val_spec=0.989 (4s)
epoch  6/30 [finetune] train_loss=0.0614 val_loss=0.0567 val_auc=0.9965 val_sens=0.929 val_spec=0.984 (4s)
epoch  7/30 [finetune] train_loss=0.0558 val_loss=0.0473 val_auc=0.9961 val_sens=0.936 val_spec=0.989 (4s)
epoch  8/30 [finetune] train_loss=0.0487 val_loss=0.0408 val_auc=0.9963 val_sens=0.974 val_spec=0.974 (4s)
epoch  9/30 [finetune] train_loss=0.0507 val_loss=0.1006 val_auc=0.9937 val_sens=0.992 val_spec=0.847 (4s)
epoch 10/30 [finetune] train_loss=0.0409 val_loss=0.0416 val_auc=0.9977 val_sens=0.942 val_spec=0.989 (4s)
epoch 11/30 [finetune] train_loss=0.0370 val_loss=0.0417 val_auc=0.9968 val_sens=0.961 val_spec=0.984 (4s)
epoch 12/30 [finetune] train_loss=0.0339 val_loss=0.0451 val_auc=0.9964 val_sens=0.983 val_spec=0.958 (4s)
epoch 13/30 [finetune] train_loss=0.0308 val_loss=0.2029 val_auc=0.9968 val_sens=0.789 val_spec=1.000 (4s)
epoch 14/30 [finetune] train_loss=0.0290 val_loss=0.0301 val_auc=0.9979 val_sens=0.976 val_spec=0.984 (4s)
epoch 15/30 [finetune] train_loss=0.0235 val_loss=0.0376 val_auc=0.9973 val_sens=0.959 val_spec=0.984 (4s)
epoch 16/30 [finetune] train_loss=0.0225 val_loss=0.0319 val_auc=0.9978 val_sens=0.976 val_spec=0.974 (4s)
epoch 17/30 [finetune] train_loss=0.0161 val_loss=0.0304 val_auc=0.9987 val_sens=0.991 val_spec=0.963 (4s)
epoch 18/30 [finetune] train_loss=0.0131 val_loss=0.0767 val_auc=0.9973 val_sens=0.994 val_spec=0.900 (4s)
epoch 19/30 [finetune] train_loss=0.0110 val_loss=0.0322 val_auc=0.9979 val_sens=0.981 val_spec=0.963 (4s)
epoch 20/30 [finetune] train_loss=0.0093 val_loss=0.0204 val_auc=0.9990 val_sens=0.987 val_spec=0.979 (4s)
epoch 21/30 [finetune] train_loss=0.0050 val_loss=0.0238 val_auc=0.9988 val_sens=0.981 val_spec=0.984 (4s)
epoch 22/30 [finetune] train_loss=0.0047 val_loss=0.0271 val_auc=0.9987 val_sens=0.976 val_spec=0.984 (4s)
epoch 23/30 [finetune] train_loss=0.0049 val_loss=0.0278 val_auc=0.9982 val_sens=0.972 val_spec=0.984 (4s)
epoch 24/30 [finetune] train_loss=0.0035 val_loss=0.0318 val_auc=0.9984 val_sens=0.991 val_spec=0.963 (4s)
epoch 25/30 [finetune] train_loss=0.0033 val_loss=0.0254 val_auc=0.9987 val_sens=0.981 val_spec=0.984 (4s)
epoch 26/30 [finetune] train_loss=0.0035 val_loss=0.0265 val_auc=0.9984 val_sens=0.987 val_spec=0.979 (4s)
epoch 27/30 [finetune] train_loss=0.0028 val_loss=0.0244 val_auc=0.9987 val_sens=0.987 val_spec=0.984 (4s)
epoch 28/30 [finetune] train_loss=0.0018 val_loss=0.0267 val_auc=0.9987 val_sens=0.987 val_spec=0.979 (4s)
early stopping: no val loss improvement for 8 epochs
TEST (threshold 0.773 from val): acc=0.8510 auc=0.9369 sens=0.9846 spec=0.6282 f1=0.8920
