model=simple_cnn device=cuda amp=True out=/content/work/ablation/no_shuffle
train=4494 (normal 1151 / pneumonia 3343)  val=722  test=624
epoch  1/30 [finetune] train_loss=0.2224 val_loss=0.6875 val_auc=0.5034 val_sens=1.000 val_spec=0.000 (6s)
epoch  2/30 [finetune] train_loss=0.3504 val_loss=1.2139 val_auc=0.4321 val_sens=1.000 val_spec=0.000 (4s)
epoch  3/30 [finetune] train_loss=0.3923 val_loss=1.0899 val_auc=0.3970 val_sens=1.000 val_spec=0.000 (4s)
epoch  4/30 [finetune] train_loss=0.3236 val_loss=1.0025 val_auc=0.5049 val_sens=1.000 val_spec=0.000 (4s)
epoch  5/30 [finetune] train_loss=0.4987 val_loss=0.7833 val_auc=0.4058 val_sens=1.000 val_spec=0.000 (4s)
epoch  6/30 [finetune] train_loss=0.4740 val_loss=0.8818 val_auc=0.4281 val_sens=1.000 val_spec=0.000 (4s)
epoch  7/30 [finetune] train_loss=0.5826 val_loss=0.6105 val_auc=0.5584 val_sens=1.000 val_spec=0.000 (4s)
epoch  8/30 [finetune] train_loss=0.5662 val_loss=0.5873 val_auc=0.5629 val_sens=1.000 val_spec=0.000 (4s)
epoch  9/30 [finetune] train_loss=0.5602 val_loss=0.5751 val_auc=0.5509 val_sens=1.000 val_spec=0.000 (4s)
epoch 10/30 [finetune] train_loss=0.5517 val_loss=0.5525 val_auc=0.5356 val_sens=1.000 val_spec=0.000 (4s)
epoch 11/30 [finetune] train_loss=0.5387 val_loss=0.5407 val_auc=0.5444 val_sens=1.000 val_spec=0.000 (4s)
epoch 12/30 [finetune] train_loss=0.5314 val_loss=0.5388 val_auc=0.5421 val_sens=1.000 val_spec=0.000 (4s)
epoch 13/30 [finetune] train_loss=0.5262 val_loss=0.5122 val_auc=0.5411 val_sens=1.000 val_spec=0.000 (4s)
epoch 14/30 [finetune] train_loss=0.5206 val_loss=0.4978 val_auc=0.5601 val_sens=1.000 val_spec=0.000 (4s)
epoch 15/30 [finetune] train_loss=0.5057 val_loss=0.4845 val_auc=0.5492 val_sens=1.000 val_spec=0.000 (4s)
epoch 16/30 [finetune] train_loss=0.4997 val_loss=0.4729 val_auc=0.5653 val_sens=1.000 val_spec=0.000 (4s)
epoch 17/30 [finetune] train_loss=0.4938 val_loss=0.4495 val_auc=0.5673 val_sens=1.000 val_spec=0.000 (4s)
epoch 18/30 [finetune] train_loss=0.4857 val_loss=0.4539 val_auc=0.5692 val_sens=1.000 val_spec=0.000 (4s)
epoch 19/30 [finetune] train_loss=0.4865 val_loss=0.4449 val_auc=0.5531 val_sens=1.000 val_spec=0.000 (4s)
epoch 20/30 [finetune] train_loss=0.4718 val_loss=0.4361 val_auc=0.5772 val_sens=1.000 val_spec=0.000 (4s)
epoch 21/30 [finetune] train_loss=0.4635 val_loss=0.4310 val_auc=0.5682 val_sens=1.000 val_spec=0.000 (4s)
epoch 22/30 [finetune] train_loss=0.4563 val_loss=0.4264 val_auc=0.5751 val_sens=1.000 val_spec=0.000 (4s)
epoch 23/30 [finetune] train_loss=0.4482 val_loss=0.4230 val_auc=0.5798 val_sens=1.000 val_spec=0.000 (4s)
epoch 24/30 [finetune] train_loss=0.4422 val_loss=0.4190 val_auc=0.5846 val_sens=1.000 val_spec=0.000 (4s)
epoch 25/30 [finetune] train_loss=0.4357 val_loss=0.4171 val_auc=0.5921 val_sens=1.000 val_spec=0.000 (4s)
epoch 26/30 [finetune] train_loss=0.4285 val_loss=0.4149 val_auc=0.5992 val_sens=1.000 val_spec=0.000 (4s)
epoch 27/30 [finetune] train_loss=0.4231 val_loss=0.4137 val_auc=0.6059 val_sens=1.000 val_spec=0.000 (4s)
epoch 28/30 [finetune] train_loss=0.4219 val_loss=0.4132 val_auc=0.6082 val_sens=1.000 val_spec=0.000 (4s)
epoch 29/30 [finetune] train_loss=0.4184 val_loss=0.4125 val_auc=0.6095 val_sens=1.000 val_spec=0.000 (4s)
epoch 30/30 [finetune] train_loss=0.4166 val_loss=0.4117 val_auc=0.6088 val_sens=1.000 val_spec=0.000 (4s)
TEST (threshold 0.711 from val): acc=0.5753 auc=0.6102 sens=0.5718 spec=0.5812 f1=0.6273
